// Vitest Snapshot v1, https://vitest.dev/guide/snapshot.html

exports[`importFile > imports projects with labels 1`] = `
{
  "labels": [
    {
      "title": "Apple",
    },
    {
      "title": "Orange",
    },
  ],
  "projects": [
    {
      "person": "Joe Lemon",
      "progress": 13,
      "status": "ontrack",
      "time": "2017-03-15T00:00:00.000Z",
      "title": "Coffee Swirl",
    },
    {
      "person": "Alex Apple",
      "progress": 50,
      "status": "onhold",
      "time": "2017-03-15T00:00:00.000Z",
      "title": "Rake Twister",
    },
  ],
  "title": undefined,
}
`;

exports[`importFile > imports projects with no labels 1`] = `
{
  "labels": [],
  "projects": [
    {
      "person": "Karen Lemon",
      "progress": 23,
      "status": "ontrack",
      "time": "2017-08-28T00:00:00.000Z",
      "title": "Tea Swirl",
    },
    {
      "person": "Lennie Apple",
      "progress": 90,
      "status": "onhold",
      "time": "2018-02-19T00:00:00.000Z",
      "title": "Rake Jumper",
    },
    {
      "person": "Timmy no Tag",
      "progress": 90,
      "status": "onhold",
      "time": "2018-02-17T00:00:00.000Z",
      "title": "Empty Tag List",
    },
  ],
  "title": undefined,
}
`;
